nohup: ignoring input
warning: The `tool.uv.dev-dependencies` field (used in `pyproject.toml`) is deprecated and will be removed in a future release; use `dependency-groups.dev` instead
============================================================
  Gold STMMT 다중타일 학습(v13) — 2개 지역 통합
  타일: {128: 'data/wando_30m_full32_2021_ffilled_nir_turb_ma_anomMY_nirchg.zarr', 135: 'data/mokpo_30m_full32_2021_ffilled_nir_turb_ma_anomMY_nirchg.zarr'}
  device=cuda (NVIDIA H100 80GB HBM3)
============================================================
  label_csv 매칭: [(128, 'h100_transfer_v19_wando/gold_label.csv'), (135, 'h100_transfer_v19_mokpo/gold_label.csv')]
    지역별(train) 샘플 분포: {128: 300, 135: 300}
    지역별(val) 샘플 분포: {128: 45, 135: 45}
  train: 600샘플 / val: 90샘플
  patch: 64x64, 채널: 32개
  파라미터: 9,218,179
  class_weights 적용: [0.5, 1.5] (몽키패치, st_mmt.py 원본 미수정)
학습 시작 | device=cuda | params=9,218,179
Epoch loop 시작
  [Epoch 1] train 시작...
  [Epoch 1] val 시작 (train_loss=0.5187)
  Epoch   1/30 | train=0.5187 | val=0.4592 | lr=9.97e-05 | 71.7s
  [Epoch 2] train 시작...
  [Epoch 2] val 시작 (train_loss=0.3496)
  Epoch   2/30 | train=0.3496 | val=0.7527 | lr=9.89e-05 | 70.8s
  [Epoch 3] train 시작...
  [Epoch 3] val 시작 (train_loss=0.3710)
  Epoch   3/30 | train=0.3710 | val=0.3667 | lr=9.76e-05 | 70.8s
  [Epoch 4] train 시작...
  [Epoch 4] val 시작 (train_loss=0.3161)
  Epoch   4/30 | train=0.3161 | val=0.6742 | lr=9.57e-05 | 71.0s
  [Epoch 5] train 시작...
  [Epoch 5] val 시작 (train_loss=0.3264)
  Epoch   5/30 | train=0.3264 | val=0.3749 | lr=9.34e-05 | 70.3s
  [Epoch 6] train 시작...
  [Epoch 6] val 시작 (train_loss=0.3019)
  Epoch   6/30 | train=0.3019 | val=0.8542 | lr=9.05e-05 | 70.4s
  [Epoch 7] train 시작...
  [Epoch 7] val 시작 (train_loss=0.2945)
  Epoch   7/30 | train=0.2945 | val=0.6475 | lr=8.73e-05 | 70.3s
  [Epoch 8] train 시작...
  [Epoch 8] val 시작 (train_loss=0.2936)
  Epoch   8/30 | train=0.2936 | val=0.6083 | lr=8.36e-05 | 70.5s
  [Epoch 9] train 시작...
  [Epoch 9] val 시작 (train_loss=0.2814)
  Epoch   9/30 | train=0.2814 | val=0.6018 | lr=7.96e-05 | 70.5s
  [Epoch 10] train 시작...
  [Epoch 10] val 시작 (train_loss=0.2934)
  Epoch  10/30 | train=0.2934 | val=0.5396 | lr=7.52e-05 | 70.4s
  [Epoch 11] train 시작...
  [Epoch 11] val 시작 (train_loss=0.2706)
  Epoch  11/30 | train=0.2706 | val=0.6297 | lr=7.06e-05 | 70.4s
  [Epoch 12] train 시작...
  [Epoch 12] val 시작 (train_loss=0.2819)
  Epoch  12/30 | train=0.2819 | val=0.5069 | lr=6.58e-05 | 70.8s
  [Epoch 13] train 시작...
  [Epoch 13] val 시작 (train_loss=0.2722)
  Epoch  13/30 | train=0.2722 | val=0.5620 | lr=6.08e-05 | 70.7s
  Early stopping at epoch 13

  최종 val F1 (macro): 0.8953
  최종 val AUC  (ovo): nan
  평균 추론 지연: 28.1 ms

              precision    recall  f1-score   support

          정상       1.00      0.78      0.87    163840
          초기       0.85      1.00      0.92    204800

    accuracy                           0.90    368640
   macro avg       0.92      0.89      0.90    368640
weighted avg       0.92      0.90      0.90    368640


  ✓ 완료 — best_path=checkpoints/xattn_v3/best_model.pt
  최종 지표: {
  "f1_macro": 0.8953353146401344,
  "f1_weighted": 0.8977904121979583,
  "auc_ovo": NaN,
  "accuracy": 0.9,
  "avg_latency_ms": 28.09192620528241,
  "p95_latency_ms": 29.82456353493035
}

  보완 계산: 이진 AUC/PR-AUC (auc_ovo NaN 대응)
/home/tta/gold_wando/gold_train_multitile_xattn_v3.py:241: FutureWarning: You are using `torch.load` with `weights_only=False` (the current default value), which uses the default pickle module implicitly. It is possible to construct malicious pickle data which will execute arbitrary code during unpickling (See https://github.com/pytorch/pytorch/blob/main/SECURITY.md#untrusted-models for more details). In a future release, the default value for `weights_only` will be flipped to `True`. This limits the functions that could be executed during unpickling. Arbitrary objects will no longer be allowed to be loaded via this mode unless they are explicitly allowlisted by the user via `torch.serialization.add_safe_globals`. We recommend you start setting `weights_only=True` for any use case where you don't have full control of the loaded file. Please open an issue on GitHub for any issues related to this experimental feature.
  model.load_state_dict(torch.load(result["best_path"], map_location=device))
  binary AUC(ROC): 0.8917  PR-AUC(AP):   0.8921  (클래스 불균형 상황엔 이 지표가 더 정보량 많음)
