nohup: ignoring input
warning: The `tool.uv.dev-dependencies` field (used in `pyproject.toml`) is deprecated and will be removed in a future release; use `dependency-groups.dev` instead
============================================================
  Gold STMMT(v1.0) 학습 [H100/CSV] — data/wando_30m_full32_2021_ffilled_ma_mld.zarr
  device=cuda (NVIDIA H100 80GB HBM3)
============================================================
  train: 300샘플 / val: 45샘플
  patch: 64x64, 채널: 28개
  파라미터: 3,803,266
  class_weights 적용: [0.5, 1.5] (몽키패치, st_mmt.py 원본 미수정)
학습 시작 | device=cuda | params=3,803,266
Epoch loop 시작
  [Epoch 1] train 시작...
  [Epoch 1] val 시작 (train_loss=0.5401)
  Epoch   1/30 | train=0.5401 | val=0.4942 | lr=9.97e-05 | 32.7s
  [Epoch 2] train 시작...
  [Epoch 2] val 시작 (train_loss=0.5187)
  Epoch   2/30 | train=0.5187 | val=0.7558 | lr=9.89e-05 | 24.6s
  [Epoch 3] train 시작...
  [Epoch 3] val 시작 (train_loss=0.5431)
  Epoch   3/30 | train=0.5431 | val=1.0367 | lr=9.76e-05 | 22.0s
  [Epoch 4] train 시작...
  [Epoch 4] val 시작 (train_loss=0.5827)
  Epoch   4/30 | train=0.5827 | val=0.9413 | lr=9.57e-05 | 21.9s
  [Epoch 5] train 시작...
  [Epoch 5] val 시작 (train_loss=0.4702)
  Epoch   5/30 | train=0.4702 | val=0.3916 | lr=9.34e-05 | 21.3s
  [Epoch 6] train 시작...
  [Epoch 6] val 시작 (train_loss=0.3413)
  Epoch   6/30 | train=0.3413 | val=0.4958 | lr=9.05e-05 | 21.5s
  [Epoch 7] train 시작...
  [Epoch 7] val 시작 (train_loss=0.3092)
  Epoch   7/30 | train=0.3092 | val=0.9828 | lr=8.73e-05 | 21.6s
  [Epoch 8] train 시작...
  [Epoch 8] val 시작 (train_loss=0.2489)
  Epoch   8/30 | train=0.2489 | val=0.9335 | lr=8.36e-05 | 21.2s
  [Epoch 9] train 시작...
  [Epoch 9] val 시작 (train_loss=0.2559)
  Epoch   9/30 | train=0.2559 | val=0.8082 | lr=7.96e-05 | 21.4s
  [Epoch 10] train 시작...
  [Epoch 10] val 시작 (train_loss=0.2481)
  Epoch  10/30 | train=0.2481 | val=0.7319 | lr=7.52e-05 | 21.5s
  [Epoch 11] train 시작...
  [Epoch 11] val 시작 (train_loss=0.2471)
  Epoch  11/30 | train=0.2471 | val=0.5600 | lr=7.06e-05 | 21.3s
  [Epoch 12] train 시작...
  [Epoch 12] val 시작 (train_loss=0.2559)
  Epoch  12/30 | train=0.2559 | val=0.6870 | lr=6.58e-05 | 21.0s
  [Epoch 13] train 시작...
  [Epoch 13] val 시작 (train_loss=0.2347)
  Epoch  13/30 | train=0.2347 | val=1.1938 | lr=6.08e-05 | 21.4s
  [Epoch 14] train 시작...
  [Epoch 14] val 시작 (train_loss=0.2357)
  Epoch  14/30 | train=0.2357 | val=0.9768 | lr=5.57e-05 | 21.2s
  [Epoch 15] train 시작...
  [Epoch 15] val 시작 (train_loss=0.2284)
/home/tta/gold_wando/gold_train_stmmt_h100.py:214: FutureWarning: You are using `torch.load` with `weights_only=False` (the current default value), which uses the default pickle module implicitly. It is possible to construct malicious pickle data which will execute arbitrary code during unpickling (See https://github.com/pytorch/pytorch/blob/main/SECURITY.md#untrusted-models for more details). In a future release, the default value for `weights_only` will be flipped to `True`. This limits the functions that could be executed during unpickling. Arbitrary objects will no longer be allowed to be loaded via this mode unless they are explicitly allowlisted by the user via `torch.serialization.add_safe_globals`. We recommend you start setting `weights_only=True` for any use case where you don't have full control of the loaded file. Please open an issue on GitHub for any issues related to this experimental feature.
  model.load_state_dict(torch.load(result["best_path"], map_location=device))
  Epoch  15/30 | train=0.2284 | val=0.9491 | lr=5.05e-05 | 21.2s
  Early stopping at epoch 15

  최종 val F1 (macro): 0.8216
  최종 val AUC  (ovo): nan
  평균 추론 지연: 2.8 ms

              precision    recall  f1-score   support

          정상       1.00      0.63      0.77     81920
          초기       0.77      1.00      0.87    102400

    accuracy                           0.84    184320
   macro avg       0.89      0.81      0.82    184320
weighted avg       0.87      0.84      0.83    184320


  ✓ 완료 — best_path=checkpoints/v5/best_model.pt
  최종 지표: {
  "f1_macro": 0.8216072016488662,
  "f1_weighted": 0.8270763741860852,
  "auc_ovo": NaN,
  "accuracy": 0.8351888020833333,
  "avg_latency_ms": 2.7669566528250775,
  "p95_latency_ms": 2.808883204124868
}

  보완 계산: 이진 AUC/PR-AUC (auc_ovo NaN 대응)
  binary AUC(ROC): 0.8625
  PR-AUC(AP):      0.8023  (클래스 불균형 상황엔 이 지표가 더 정보량 많음)
