nohup: ignoring input
warning: The `tool.uv.dev-dependencies` field (used in `pyproject.toml`) is deprecated and will be removed in a future release; use `dependency-groups.dev` instead
============================================================
  Gold STMMT confidence가중 학습(v20) — 2개 지역, 자체루프
  타일: {128: 'data/wando_30m_full32_2021_ffilled_nir_turb_ma_anomMY_nirchg.zarr', 135: 'data/mokpo_30m_full32_2021_ffilled_nir_turb_ma_anomMY_nirchg.zarr'}
  device=cuda (NVIDIA H100 80GB HBM3)
============================================================
  label_csv 매칭: [(128, 'h100_transfer_v19_wando/gold_label.csv'), (135, 'h100_transfer_v19_mokpo/gold_label.csv')]
    지역별(train) 샘플 분포: {128: 300, 135: 300}
    (train) 양성표본 confidence: min=0.40 max=0.51 평균=0.42
    지역별(val) 샘플 분포: {128: 45, 135: 45}
    (val) 양성표본 confidence: min=0.40 max=0.95 평균=0.68
  train: 600샘플 / val: 90샘플
  patch: 64x64, 채널: 32개
  파라미터: 3,819,650
  class_weights: [0.5, 1.5], confidence 가중 손실 적용
학습 시작 (confidence 가중, 자체 학습루프)
  Epoch   1/30 | train=0.2074 | val=0.7551 | lr=1.00e-04
  Epoch   2/30 | train=0.1216 | val=0.3184 | lr=9.97e-05
  Epoch   3/30 | train=0.0805 | val=0.4042 | lr=9.89e-05
  Epoch   4/30 | train=0.0667 | val=0.3279 | lr=9.76e-05
  Epoch   5/30 | train=0.0945 | val=0.8727 | lr=9.57e-05
  Epoch   6/30 | train=0.0683 | val=0.5736 | lr=9.33e-05
  Epoch   7/30 | train=0.0570 | val=0.4383 | lr=9.05e-05
  Epoch   8/30 | train=0.0305 | val=0.5347 | lr=8.72e-05
  Epoch   9/30 | train=0.0371 | val=0.3693 | lr=8.35e-05
  Epoch  10/30 | train=0.0351 | val=0.4264 | lr=7.94e-05
  Epoch  11/30 | train=0.0273 | val=0.7641 | lr=7.50e-05
  Epoch  12/30 | train=0.0255 | val=0.4484 | lr=7.03e-05
  Early stopping at epoch 12

  ✓ 완료 — best_path=checkpoints/v20/best_model.pt
  binary AUC(ROC): 0.9436  PR-AUC(AP): 0.9245

  재현율100% 임계값: 0.230309
  실제 재현율: 100.00%  정밀도: 84.75%
  F1(macro): 0.8953
  confusion_matrix: [[126976, 36864], [0, 204800]]
