nohup: ignoring input
warning: The `tool.uv.dev-dependencies` field (used in `pyproject.toml`) is deprecated and will be removed in a future release; use `dependency-groups.dev` instead
============================================================
  Gold STMMT 다중타일 학습(v13) — 3개 지역 통합
  타일: {32: 'data/wando_30m_full32_2021_ffilled_ma_mld_nir_anom.zarr', 53: 'data/mokpo_30m_full32_2021_ffilled_nir_turb_ma_anom_nirchg.zarr', 70: 'data/jindo_30m_full32_2021_ffilled_nir_turb_ma_anom_nirchg.zarr'}
  device=cuda (NVIDIA H100 80GB HBM3)
============================================================
  label_csv 매칭: [(32, 'h100_transfer_v13_wando/gold_label.csv'), (53, 'h100_transfer_mokpo/gold_label.csv'), (70, 'h100_transfer_jindo/gold_label.csv')]
    지역별(train) 샘플 분포: {32: 300, 53: 300, 70: 300}
    지역별(val) 샘플 분포: {32: 45, 53: 45, 70: 45}
  train: 900샘플 / val: 135샘플
  patch: 64x64, 채널: 32개
  파라미터: 3,819,650
  class_weights 적용: [0.5, 1.5] (몽키패치, st_mmt.py 원본 미수정)
학습 시작 | device=cuda | params=3,819,650
Epoch loop 시작
  [Epoch 1] train 시작...
  [Epoch 1] val 시작 (train_loss=0.5816)
  Epoch   1/30 | train=0.5816 | val=1.1795 | lr=9.97e-05 | 96.4s
  [Epoch 2] train 시작...
  [Epoch 2] val 시작 (train_loss=0.5318)
  Epoch   2/30 | train=0.5318 | val=0.6887 | lr=9.89e-05 | 65.8s
  [Epoch 3] train 시작...
  [Epoch 3] val 시작 (train_loss=0.4662)
  Epoch   3/30 | train=0.4662 | val=0.6592 | lr=9.76e-05 | 63.6s
  [Epoch 4] train 시작...
  [Epoch 4] val 시작 (train_loss=0.4431)
  Epoch   4/30 | train=0.4431 | val=0.9184 | lr=9.57e-05 | 63.4s
  [Epoch 5] train 시작...
  [Epoch 5] val 시작 (train_loss=0.4680)
  Epoch   5/30 | train=0.4680 | val=0.7579 | lr=9.34e-05 | 63.0s
  [Epoch 6] train 시작...
  [Epoch 6] val 시작 (train_loss=0.3874)
  Epoch   6/30 | train=0.3874 | val=0.7700 | lr=9.05e-05 | 62.7s
  [Epoch 7] train 시작...
  [Epoch 7] val 시작 (train_loss=0.3331)
  Epoch   7/30 | train=0.3331 | val=0.8338 | lr=8.73e-05 | 63.4s
  [Epoch 8] train 시작...
  [Epoch 8] val 시작 (train_loss=0.3124)
  Epoch   8/30 | train=0.3124 | val=0.8274 | lr=8.36e-05 | 63.6s
  [Epoch 9] train 시작...
  [Epoch 9] val 시작 (train_loss=0.3014)
  Epoch   9/30 | train=0.3014 | val=0.9100 | lr=7.96e-05 | 63.0s
  [Epoch 10] train 시작...
  [Epoch 10] val 시작 (train_loss=0.2803)
  Epoch  10/30 | train=0.2803 | val=0.6345 | lr=7.52e-05 | 63.4s
  [Epoch 11] train 시작...
  [Epoch 11] val 시작 (train_loss=0.3121)
  Epoch  11/30 | train=0.3121 | val=0.7525 | lr=7.06e-05 | 63.0s
  [Epoch 12] train 시작...
  [Epoch 12] val 시작 (train_loss=0.2583)
  Epoch  12/30 | train=0.2583 | val=0.6456 | lr=6.58e-05 | 63.4s
  [Epoch 13] train 시작...
  [Epoch 13] val 시작 (train_loss=0.2391)
  Epoch  13/30 | train=0.2391 | val=0.7835 | lr=6.08e-05 | 63.4s
  [Epoch 14] train 시작...
  [Epoch 14] val 시작 (train_loss=0.2340)
  Epoch  14/30 | train=0.2340 | val=0.7058 | lr=5.57e-05 | 64.1s
  [Epoch 15] train 시작...
  [Epoch 15] val 시작 (train_loss=0.2478)
  Epoch  15/30 | train=0.2478 | val=0.7491 | lr=5.05e-05 | 63.9s
  [Epoch 16] train 시작...
  [Epoch 16] val 시작 (train_loss=0.2282)
  Epoch  16/30 | train=0.2282 | val=0.7505 | lr=4.53e-05 | 63.4s
  [Epoch 17] train 시작...
  [Epoch 17] val 시작 (train_loss=0.2289)
  Epoch  17/30 | train=0.2289 | val=0.6696 | lr=4.02e-05 | 63.6s
  [Epoch 18] train 시작...
  [Epoch 18] val 시작 (train_loss=0.2289)
  Epoch  18/30 | train=0.2289 | val=0.7247 | lr=3.52e-05 | 64.4s
  [Epoch 19] train 시작...
  [Epoch 19] val 시작 (train_loss=0.2332)
  Epoch  19/30 | train=0.2332 | val=0.7240 | lr=3.04e-05 | 63.4s
  [Epoch 20] train 시작...
  [Epoch 20] val 시작 (train_loss=0.2231)
/home/tta/gold_wando/gold_train_multitile.py:239: FutureWarning: You are using `torch.load` with `weights_only=False` (the current default value), which uses the default pickle module implicitly. It is possible to construct malicious pickle data which will execute arbitrary code during unpickling (See https://github.com/pytorch/pytorch/blob/main/SECURITY.md#untrusted-models for more details). In a future release, the default value for `weights_only` will be flipped to `True`. This limits the functions that could be executed during unpickling. Arbitrary objects will no longer be allowed to be loaded via this mode unless they are explicitly allowlisted by the user via `torch.serialization.add_safe_globals`. We recommend you start setting `weights_only=True` for any use case where you don't have full control of the loaded file. Please open an issue on GitHub for any issues related to this experimental feature.
  model.load_state_dict(torch.load(result["best_path"], map_location=device))
  Epoch  20/30 | train=0.2231 | val=0.6856 | lr=2.58e-05 | 62.8s
  Early stopping at epoch 20

  최종 val F1 (macro): 0.7853
  최종 val AUC  (ovo): nan
  평균 추론 지연: 2.8 ms

              precision    recall  f1-score   support

          정상       0.90      0.61      0.73    245760
          초기       0.75      0.95      0.84    307200

    accuracy                           0.80    552960
   macro avg       0.83      0.78      0.79    552960
weighted avg       0.82      0.80      0.79    552960


  ✓ 완료 — best_path=checkpoints/v14/best_model.pt
  최종 지표: {
  "f1_macro": 0.7852885860476648,
  "f1_weighted": 0.7913204846927872,
  "auc_ovo": NaN,
  "accuracy": 0.7990143952546296,
  "avg_latency_ms": 2.7621492524357403,
  "p95_latency_ms": 2.803915459662676
}

  보완 계산: 이진 AUC/PR-AUC (auc_ovo NaN 대응)
  binary AUC(ROC): 0.8378  PR-AUC(AP):   0.8091  (클래스 불균형 상황엔 이 지표가 더 정보량 많음)
