nohup: ignoring input
warning: The `tool.uv.dev-dependencies` field (used in `pyproject.toml`) is deprecated and will be removed in a future release; use `dependency-groups.dev` instead
============================================================
  xattn_v3 Focal Loss 재학습(gamma=2.0) — 자체루프
  device=cuda (NVIDIA H100 80GB HBM3)
============================================================
    지역별(train) 샘플 분포: {128: 300, 135: 300}
    지역별(val) 샘플 분포: {128: 45, 135: 45}
  train: 600샘플 / val: 90샘플
  파라미터: 9,218,179
  class_weights(alpha): [0.5, 1.5], Focal gamma: 2.0
학습 시작 (Focal Loss, 자체 학습루프)
  Epoch   1/30 | train=0.0428 | val=0.0892 | lr=1.00e-04
  Epoch   2/30 | train=0.0248 | val=0.0586 | lr=9.97e-05
  Epoch   3/30 | train=0.0220 | val=0.0720 | lr=9.89e-05
  Epoch   4/30 | train=0.0195 | val=0.1341 | lr=9.76e-05
  Epoch   5/30 | train=0.0148 | val=0.0446 | lr=9.57e-05
  Epoch   6/30 | train=0.0088 | val=0.1434 | lr=9.33e-05
  Epoch   7/30 | train=0.0094 | val=0.0630 | lr=9.05e-05
  Epoch   8/30 | train=0.0071 | val=0.0647 | lr=8.72e-05
  Epoch   9/30 | train=0.0060 | val=0.0633 | lr=8.35e-05
  Epoch  10/30 | train=0.0101 | val=0.0891 | lr=7.94e-05
  Epoch  11/30 | train=0.0059 | val=0.1373 | lr=7.50e-05
  Epoch  12/30 | train=0.0035 | val=0.1385 | lr=7.03e-05
  Epoch  13/30 | train=0.0158 | val=0.0727 | lr=6.55e-05
  Epoch  14/30 | train=0.0106 | val=0.1136 | lr=6.04e-05
  Epoch  15/30 | train=0.0126 | val=0.0773 | lr=5.52e-05
  Early stopping at epoch 15

  ✓ 완료 — best_path=checkpoints/xattn_v3_focal/best_model.pt
  binary AUC(ROC): 0.9034  PR-AUC(AP): 0.8206

  재현율100% 임계값: 0.688039
  실제 재현율: 100.00%  정밀도: 88.74%
  F1(macro): 0.9271
  confusion_matrix: [[137859, 25981], [0, 204800]]
